// 重构日志: 2aa3b5e9
// 重构日志: 2d5e9f5f
// 重构日志: 52504503
// 重构日志: d8b6cf48
// 同步 ID: 9891c7bf @ Thu Jul 23 10:47:45 UTC 2026
// 同步 ID: 0a7fef60 @ Thu Jul 23 20:22:31 UTC 2026
// 同步 ID: ba7c0bab @ Fri Jul 24 04:49:46 UTC 2026
// 重构日志: c50647ed
// 同步 ID: 568c7fea @ Fri Jul 24 15:26:30 UTC 2026
// 重构日志: 9a61086f
// 重构日志: 217d9d7c
// 同步 ID: 9e7dc102 @ Sat Jul 25 14:59:50 UTC 2026
// 重构日志: 8372d713
// 同步 ID: 09d38b17 @ Sun Jul 26 04:08:17 UTC 2026
// 同步 ID: 5b022030 @ Sun Jul 26 07:10:43 UTC 2026
// 同步 ID: f76a5cb9 @ Sun Jul 26 17:36:53 UTC 2026
// 同步 ID: 8a4966de @ Mon Jul 27 16:04:52 UTC 2026
// 重构日志: 85f8cd35
// 重构日志: 91b4af0c
// 重构日志: 6879297d
// 重构日志: 698946d2
// 同步 ID: f9cce410 @ Thu Jul 30 00:31:53 UTC 2026
// 同步 ID: b80232ac @ Thu Jul 30 04:19:13 UTC 2026
// 重构日志: c83f0ecb
// 重构日志: 6aa3f665
// 重构日志: d4d7dd0c
// 重构日志: 2f65aa44
// 重构日志: 3df55a50
// 重构日志: 10dbe732
// 同步 ID: 2fc6a249 @ Fri Jul 31 22:02:04 UTC 2026
